{
  "version": "1.5.0",
  "plugins_used": [
    {
      "name": "ArtifactoryDetector"
    },
    {
      "name": "AWSKeyDetector"
    },
    {
      "name": "AzureStorageKeyDetector"
    },
    {
      "name": "Base64HighEntropyString",
      "limit": 4.5
    },
    {
      "name": "BasicAuthDetector"
    },
    {
      "name": "CloudantDetector"
    },
    {
      "name": "DiscordBotTokenDetector"
    },
    {
      "name": "GitHubTokenDetector"
    },
    {
      "name": "GitLabTokenDetector"
    },
    {
      "name": "HexHighEntropyString",
      "limit": 3.0
    },
    {
      "name": "IbmCloudIamDetector"
    },
    {
      "name": "IbmCosHmacDetector"
    },
    {
      "name": "IPPublicDetector"
    },
    {
      "name": "JwtTokenDetector"
    },
    {
      "name": "KeywordDetector",
      "keyword_exclude": ""
    },
    {
      "name": "MailchimpDetector"
    },
    {
      "name": "NpmDetector"
    },
    {
      "name": "OpenAIDetector"
    },
    {
      "name": "PrivateKeyDetector"
    },
    {
      "name": "PypiTokenDetector"
    },
    {
      "name": "SendGridDetector"
    },
    {
      "name": "SlackDetector"
    },
    {
      "name": "SoftlayerDetector"
    },
    {
      "name": "SquareOAuthDetector"
    },
    {
      "name": "StripeDetector"
    },
    {
      "name": "TelegramBotTokenDetector"
    },
    {
      "name": "TwilioKeyDetector"
    }
  ],
  "filters_used": [
    {
      "path": "detect_secrets.filters.allowlist.is_line_allowlisted"
    },
    {
      "path": "detect_secrets.filters.common.is_ignored_due_to_verification_policies",
      "min_level": 2
    },
    {
      "path": "detect_secrets.filters.heuristic.is_indirect_reference"
    },
    {
      "path": "detect_secrets.filters.heuristic.is_likely_id_string"
    },
    {
      "path": "detect_secrets.filters.heuristic.is_lock_file"
    },
    {
      "path": "detect_secrets.filters.heuristic.is_not_alphanumeric_string"
    },
    {
      "path": "detect_secrets.filters.heuristic.is_potential_uuid"
    },
    {
      "path": "detect_secrets.filters.heuristic.is_prefixed_with_dollar_sign"
    },
    {
      "path": "detect_secrets.filters.heuristic.is_sequential_string"
    },
    {
      "path": "detect_secrets.filters.heuristic.is_swagger_file"
    },
    {
      "path": "detect_secrets.filters.heuristic.is_templated_secret"
    },
    {
      "path": "detect_secrets.filters.regex.should_exclude_file",
      "pattern": [
        "(^|/)node_modules/",
        "package-lock\\.json$",
        "(^|/)dist/",
        "\\.min\\.js$"
      ]
    }
  ],
  "results": {
    ".agents/skills/shioaji/SKILL.md": [
      {
        "type": "Secret Keyword",
        "filename": ".agents/skills/shioaji/SKILL.md",
        "hashed_secret": "1e3667aaaaa887721550cf5cc8a0c5c5760810ed",
        "is_verified": false,
        "line_number": 62
      },
      {
        "type": "Secret Keyword",
        "filename": ".agents/skills/shioaji/SKILL.md",
        "hashed_secret": "76fb0eb046fb9e7b163fecdfaf0b3e419a8a503b",
        "is_verified": false,
        "line_number": 63
      },
      {
        "type": "Secret Keyword",
        "filename": ".agents/skills/shioaji/SKILL.md",
        "hashed_secret": "a3a8b0620a6e69965d6546e07999ac352d738742",
        "is_verified": false,
        "line_number": 69
      },
      {
        "type": "Secret Keyword",
        "filename": ".agents/skills/shioaji/SKILL.md",
        "hashed_secret": "f4bd37ba60c10958ceda8e9c77b44404035e07a0",
        "is_verified": false,
        "line_number": 81
      }
    ],
    ".agents/skills/shioaji/skills/shioaji/ACCOUNTING.md": [
      {
        "type": "Secret Keyword",
        "filename": ".agents/skills/shioaji/skills/shioaji/ACCOUNTING.md",
        "hashed_secret": "f4bd37ba60c10958ceda8e9c77b44404035e07a0",
        "is_verified": false,
        "line_number": 29
      }
    ],
    ".agents/skills/shioaji/skills/shioaji/ADVANCED.md": [
      {
        "type": "Secret Keyword",
        "filename": ".agents/skills/shioaji/skills/shioaji/ADVANCED.md",
        "hashed_secret": "f4bd37ba60c10958ceda8e9c77b44404035e07a0",
        "is_verified": false,
        "line_number": 271
      }
    ],
    ".agents/skills/shioaji/skills/shioaji/CONTRACTS.md": [
      {
        "type": "Secret Keyword",
        "filename": ".agents/skills/shioaji/skills/shioaji/CONTRACTS.md",
        "hashed_secret": "f4bd37ba60c10958ceda8e9c77b44404035e07a0",
        "is_verified": false,
        "line_number": 17
      }
    ],
    ".agents/skills/shioaji/skills/shioaji/ORDERS.md": [
      {
        "type": "Secret Keyword",
        "filename": ".agents/skills/shioaji/skills/shioaji/ORDERS.md",
        "hashed_secret": "f4bd37ba60c10958ceda8e9c77b44404035e07a0",
        "is_verified": false,
        "line_number": 17
      },
      {
        "type": "Secret Keyword",
        "filename": ".agents/skills/shioaji/skills/shioaji/ORDERS.md",
        "hashed_secret": "981eb7e146cab5b17b4c7f5f12af441d36d0cc36",
        "is_verified": false,
        "line_number": 22
      }
    ],
    ".agents/skills/shioaji/skills/shioaji/PREPARE.md": [
      {
        "type": "Secret Keyword",
        "filename": ".agents/skills/shioaji/skills/shioaji/PREPARE.md",
        "hashed_secret": "89a6cfe2a229151e8055abee107d45ed087bbb4f",
        "is_verified": false,
        "line_number": 63
      },
      {
        "type": "Secret Keyword",
        "filename": ".agents/skills/shioaji/skills/shioaji/PREPARE.md",
        "hashed_secret": "bfc5221616fd29387d7413aeb41401391dceefa8",
        "is_verified": false,
        "line_number": 64
      },
      {
        "type": "Secret Keyword",
        "filename": ".agents/skills/shioaji/skills/shioaji/PREPARE.md",
        "hashed_secret": "2ede0c41b618372a5b1fee5bea235c272ce1299b",
        "is_verified": false,
        "line_number": 82
      }
    ],
    ".agents/skills/shioaji/skills/shioaji/RESERVE.md": [
      {
        "type": "Secret Keyword",
        "filename": ".agents/skills/shioaji/skills/shioaji/RESERVE.md",
        "hashed_secret": "f4bd37ba60c10958ceda8e9c77b44404035e07a0",
        "is_verified": false,
        "line_number": 17
      }
    ],
    ".agents/skills/shioaji/skills/shioaji/SKILL.md": [
      {
        "type": "Secret Keyword",
        "filename": ".agents/skills/shioaji/skills/shioaji/SKILL.md",
        "hashed_secret": "1e3667aaaaa887721550cf5cc8a0c5c5760810ed",
        "is_verified": false,
        "line_number": 62
      },
      {
        "type": "Secret Keyword",
        "filename": ".agents/skills/shioaji/skills/shioaji/SKILL.md",
        "hashed_secret": "76fb0eb046fb9e7b163fecdfaf0b3e419a8a503b",
        "is_verified": false,
        "line_number": 63
      },
      {
        "type": "Secret Keyword",
        "filename": ".agents/skills/shioaji/skills/shioaji/SKILL.md",
        "hashed_secret": "a3a8b0620a6e69965d6546e07999ac352d738742",
        "is_verified": false,
        "line_number": 69
      },
      {
        "type": "Secret Keyword",
        "filename": ".agents/skills/shioaji/skills/shioaji/SKILL.md",
        "hashed_secret": "f4bd37ba60c10958ceda8e9c77b44404035e07a0",
        "is_verified": false,
        "line_number": 81
      }
    ],
    ".agents/skills/shioaji/skills/shioaji/STREAMING.md": [
      {
        "type": "Secret Keyword",
        "filename": ".agents/skills/shioaji/skills/shioaji/STREAMING.md",
        "hashed_secret": "f4bd37ba60c10958ceda8e9c77b44404035e07a0",
        "is_verified": false,
        "line_number": 39
      }
    ],
    ".agents/skills/shioaji/skills/shioaji/TROUBLESHOOTING.md": [
      {
        "type": "Secret Keyword",
        "filename": ".agents/skills/shioaji/skills/shioaji/TROUBLESHOOTING.md",
        "hashed_secret": "f4bd37ba60c10958ceda8e9c77b44404035e07a0",
        "is_verified": false,
        "line_number": 68
      }
    ],
    ".agents/skills/shioaji/skills/shioaji/WATCHLIST.md": [
      {
        "type": "Secret Keyword",
        "filename": ".agents/skills/shioaji/skills/shioaji/WATCHLIST.md",
        "hashed_secret": "f4bd37ba60c10958ceda8e9c77b44404035e07a0",
        "is_verified": false,
        "line_number": 30
      }
    ]
  },
  "generated_at": "2026-07-03T10:16:33Z"
}
